­ƒÜÇ TEST RAISONNEMENT SECONDE (Graphiques & LaTeX)...

Ô£à R├ëPONSE DE GPT-4o :
---
Bien s├╗r, je suis ravi de t'aider ! 

### ├ëtude de la fonction f(x) = x┬▓ - 3

**1. Tableau de variations :**

La fonction \( f(x) = x^2 - 3 \) est une fonction polynomiale du second degr├®. Comme c'est une parabole dont la branche est orient├®e vers le haut (car le coefficient de \( x^2 \) est positif), elle poss├¿de un minimum au sommet de la parabole.

- **Sommet de la parabole :** La formule pour trouver l'abscisse du sommet est \( x = -\frac{b}{2a} \). Ici, \( a = 1 \) et \( b = 0 \), donc \( x = 0 \).
- **Calcul de la valeur au sommet :** Pour \( x = 0 \), \( f(0) = 0^2 - 3 = -3 \).

La fonction d├®croit sur l'intervalle \([-3, 0]\) et cro├«t sur \([0, 3]\).

\[
\begin{array}{c|ccc}
x & -3 & 0 & 3 \\
\hline
f(x) & 6 & -3 & 6 \\
\end{array}
\]

### Ensemble des variations :
- D├®croissante sur \([-3, 0]\)
- Croissante sur \([0, 3]\)

### 2. Courbe repr├®sentative :

Pour tracer la courbe repr├®sentative de \( f(x) = x^2 - 3 \) sur l'intervalle \([-3, 3]\), calculons quelques points :

- \( f(-3) = (-3)^2 - 3 = 9 - 3 = 6 \)
- \( f(-2) = (-2)^2 - 3 = 4 - 3 = 1 \)
- \( f(-1) = (-1)^2 - 3 = 1 - 3 = -2 \)
- \( f(0) = 0^2 - 3 = -3 \)
- \( f(1) = 1^2 - 3 = 1 - 3 = -2 \)
- \( f(2) = 2^2 - 3 = 4 - 3 = 1 \)
- \( f(3) = 3^2 - 3 = 9 - 3 = 6 \)

Voici le graphique :

@@@ Courbe de f(x) = x┬▓ - 3 | -3,6,point | -2,1,point | -1,-2, point | 0,-3,point | 1,-2, point | 2,1, point | 3,6,point | domain: -3,3,-3,7 @@@

NÔÇÖh├®site pas ├á utiliser cette ├®tude pour mieux comprendre le comportement de la fonction et pour dessiner le graphique avec pr├®cision. Si tu as besoin de plus d'explications, je suis l├á pour t'aider !
---

­ƒôè SUCC├êS : Un tag de graphique a ├®t├® g├®n├®r├® !
­ƒôê SUCC├êS : Un tableau LaTeX a ├®t├® g├®n├®r├® !
