=== TEST 1: (2x+1)(x-3)/(x+2) ===
Success: true
Critical Points: [-2,-0.5,3]
xValues: ["-inf","-2","-1/2","3","+inf"]
N: 5 -> expected 2N-3: 7
  Row "2*x+1" [sign] (7): ["-","-","-","0","+","+","+"]
  Row "x-3" [sign] (7): ["-","-","-","-","-","0","+"]
  Row "x+2" [sign] (7): ["-","D","+","+","+","+","+"]
  Row "f(x)" [sign] (7): ["-","||","+","0","-","0","+"]

AAA:
@@@
table |
x: -inf, -2, -1/2, 3, +inf |
sign: 2*x+1 : -, -, -, 0, +, +, + |
sign: x-3 : -, -, -, -, -, 0, + |
sign: x+2 : -, D, +, +, +, +, + |
sign: f(x) : -, ||, +, 0, -, 0, + |
@@@

=== TEST 2: (x+3)/(x-1) ===
Success: true
xValues: ["-inf","-3","1","+inf"]
  Row "x+3" (5): ["-","0","+","+","+"]
  Row "x-1" (5): ["-","-","-","D","+"]
  Row "f(x)" (5): ["+","0","-","||","+"]

=== TEST 3: x^2-4 ===
Success: true
xValues: ["-inf","-2","2","+inf"]
  Row "x^2-4" (5): ["+","0","-","0","+"]
  Row "f(x)" (5): ["+","0","-","0","+"]
